#-----------------------------------------------------------
# Vivado v2023.1 (64-bit)
# SW Build 3865809 on Sun May  7 15:05:29 MDT 2023
# IP Build 3864474 on Sun May  7 20:36:21 MDT 2023
# SharedData Build 3865790 on Sun May 07 13:33:03 MDT 2023
# Start of session at: Tue Sep 26 21:43:43 2023
# Process ID: 20808
# Current directory: E:/github/fpga_project/video_stitching/vivado/video_stitching
# Command line: vivado.exe -gui_launcher_event rodinguilauncherevent17060 E:\github\fpga_project\video_stitching\vivado\video_stitching\video_stitching.xpr
# Log file: E:/github/fpga_project/video_stitching/vivado/video_stitching/vivado.log
# Journal file: E:/github/fpga_project/video_stitching/vivado/video_stitching\vivado.jou
# Running On: y7000pr, OS: Windows, CPU Frequency: 3110 MHz, CPU Physical cores: 12, Host memory: 42732 MB
#-----------------------------------------------------------
start_gui
open_project E:/github/fpga_project/video_stitching/vivado/video_stitching/video_stitching.xpr
update_compile_order -fileset sources_1
export_ip_user_files -of_objects  [get_files E:/github/fpga_project/video_stitching/vivado/video_stitching/video_stitching.srcs/sources_1/imports/new/sim_cmos_tb.sv] -no_script -reset -force -quiet
export_ip_user_files -of_objects  [get_files E:/github/fpga_project/video_stitching/vivado/video_stitching/video_stitching.srcs/sources_1/new/video_stitching_tb.v] -no_script -reset -force -quiet
remove_files  {E:/github/fpga_project/video_stitching/vivado/video_stitching/video_stitching.srcs/sources_1/imports/new/sim_cmos_tb.sv E:/github/fpga_project/video_stitching/vivado/video_stitching/video_stitching.srcs/sources_1/new/video_stitching_tb.v}
set_property SOURCE_SET sources_1 [get_filesets sim_1]
add_files -fileset sim_1 -norecurse -scan_for_includes {E:/github/fpga_project/video_stitching/vivado/video_stitching/video_stitching.srcs/sim_1/new/video_stitching_tb.v E:/github/fpga_project/video_stitching/vivado/video_stitching/video_stitching.srcs/sim_1/new/sim-axi4-s.v E:/github/fpga_project/video_stitching/vivado/video_stitching/video_stitching.srcs/sim_1/new/sim_cmos_tb.sv E:/github/fpga_project/video_stitching/vivado/video_stitching/video_stitching.srcs/sim_1/new/video_to_axi_top_tb.v}
update_compile_order -fileset sim_1
# Disabling source management mode.  This is to allow the top design properties to be set without GUI intervention.
set_property source_mgmt_mode None [current_project]
set_property top video_stitching_tb [get_filesets sim_1]
set_property top_lib xil_defaultlib [get_filesets sim_1]
# Re-enabling previously disabled source management mode.
set_property source_mgmt_mode All [current_project]
update_compile_order -fileset sim_1
update_compile_order -fileset sim_1
launch_simulation
source video_stitching_tb.tcl
relaunch_sim
relaunch_sim
save_wave_config {E:/github/fpga_project/video_stitching/vivado/video_stitching/video_stitching_tb_behav.wcfg}
add_files -fileset sim_1 -norecurse E:/github/fpga_project/video_stitching/vivado/video_stitching/video_stitching_tb_behav.wcfg
set_property xsim.view E:/github/fpga_project/video_stitching/vivado/video_stitching/video_stitching_tb_behav.wcfg [get_filesets sim_1]
run 40 ms
save_wave_config {E:/github/fpga_project/video_stitching/vivado/video_stitching/video_stitching_tb_behav.wcfg}
